Command line invocation:
    /Applications/Xcode.app/Contents/Developer/usr/bin/xcodebuild test -project LocalScroll.xcodeproj -scheme LocalScroll -destination "platform=iOS Simulator,name=iPhone 17 Pro Max,OS=26.5" "-only-testing:LocalScrollUITests" CODE_SIGNING_ALLOWED=NO -derivedDataPath /tmp/LocalScrollDerived -resultBundlePath docs/acceptance-artifacts/2026-06-05-rerun/xcresults/ui.xcresult

Build settings from command line:
    CODE_SIGNING_ALLOWED = NO

2026-06-05 16:00:05.788 xcodebuild[29027:795340]  DVTDeviceOperation: Encountered a build number "" that is incompatible with DVTBuildVersion.
2026-06-05 16:00:05.791 xcodebuild[29027:795284] [MT] DVTDeviceOperation: Encountered a build number "" that is incompatible with DVTBuildVersion.
Resolve Package Graph


Resolved source packages:
  LocalScrollCore: /Users/ipanda/Documents/project/localScroll_iOS @ local

2026-06-05 16:00:05.892 xcodebuild[29027:795284] [MT] IDERunDestination: Supported platforms for the buildables in the current scheme is empty.
Writing result bundle at path:
	/Users/ipanda/Documents/Code/iosproject/LocalScroll_Xcode/docs/acceptance-artifacts/2026-06-05-rerun/xcresults/ui.xcresult

ComputePackagePrebuildTargetDependencyGraph

Prepare packages

CreateBuildRequest

SendProjectDescription

CreateBuildOperation

ComputeTargetDependencyGraph
note: Building targets in dependency order
note: Target dependency graph (6 targets)
    Target 'LocalScrollTests' in project 'LocalScroll'
        ➜ Explicit dependency on target 'LocalScroll' in project 'LocalScroll'
    Target 'LocalScrollUITests' in project 'LocalScroll'
        ➜ Explicit dependency on target 'LocalScroll' in project 'LocalScroll'
    Target 'LocalScroll' in project 'LocalScroll'
        ➜ Explicit dependency on target 'LocalScrollWidget' in project 'LocalScroll'
        ➜ Explicit dependency on target 'LocalScrollCore' in project 'LocalScrollCore'
    Target 'LocalScrollCore' in project 'LocalScrollCore'
        ➜ Explicit dependency on target 'LocalScrollCore' in project 'LocalScrollCore'
    Target 'LocalScrollCore' in project 'LocalScrollCore' (no dependencies)
    Target 'LocalScrollWidget' in project 'LocalScroll' (no dependencies)

GatherProvisioningInputs

CreateBuildDescription

ExecuteExternalTool /Applications/Xcode.app/Contents/Developer/Toolchains/XcodeDefault.xctoolchain/usr/bin/swiftc --version

ExecuteExternalTool /Applications/Xcode.app/Contents/Developer/Toolchains/XcodeDefault.xctoolchain/usr/bin/clang -v -E -dM -isysroot /Applications/Xcode.app/Contents/Developer/Platforms/iPhoneSimulator.platform/Developer/SDKs/iPhoneSimulator26.5.sdk -x c -c /dev/null

ExecuteExternalTool /Applications/Xcode.app/Contents/Developer/usr/bin/actool --print-asset-tag-combinations --output-format xml1 /Users/ipanda/Documents/Code/iosproject/LocalScroll_Xcode/LocalScroll/Preview Content/Preview Assets.xcassets /Users/ipanda/Documents/Code/iosproject/LocalScroll_Xcode/LocalScroll/Assets.xcassets

ExecuteExternalTool /Applications/Xcode.app/Contents/Developer/usr/bin/actool --version --output-format xml1

ExecuteExternalTool /Applications/Xcode.app/Contents/Developer/Toolchains/XcodeDefault.xctoolchain/usr/bin/ld -version_details

Build description signature: a93a8a88586d1e81cebe9b04b3f5a1df
Build description path: /tmp/LocalScrollDerived/Build/Intermediates.noindex/XCBuildData/a93a8a88586d1e81cebe9b04b3f5a1df.xcbuilddata
ClangStatCache /Applications/Xcode.app/Contents/Developer/Toolchains/XcodeDefault.xctoolchain/usr/bin/clang-stat-cache /Applications/Xcode.app/Contents/Developer/Platforms/iPhoneSimulator.platform/Developer/SDKs/iPhoneSimulator26.5.sdk /tmp/LocalScrollDerived/SDKStatCaches.noindex/iphonesimulator26.5-23F73-6cfe768891a92b912361537c460fe42b.sdkstatcache
    cd /Users/ipanda/Documents/Code/iosproject/LocalScroll_Xcode/LocalScroll.xcodeproj
    /Applications/Xcode.app/Contents/Developer/Toolchains/XcodeDefault.xctoolchain/usr/bin/clang-stat-cache /Applications/Xcode.app/Contents/Developer/Platforms/iPhoneSimulator.platform/Developer/SDKs/iPhoneSimulator26.5.sdk -o /tmp/LocalScrollDerived/SDKStatCaches.noindex/iphonesimulator26.5-23F73-6cfe768891a92b912361537c460fe42b.sdkstatcache

ProcessInfoPlistFile /tmp/LocalScrollDerived/Build/Products/Debug-iphonesimulator/LocalScrollWidget.appex/Info.plist /Users/ipanda/Documents/Code/iosproject/LocalScroll_Xcode/LocalScrollWidget-Info.plist (in target 'LocalScrollWidget' from project 'LocalScroll')
    cd /Users/ipanda/Documents/Code/iosproject/LocalScroll_Xcode
    builtin-infoPlistUtility /Users/ipanda/Documents/Code/iosproject/LocalScroll_Xcode/LocalScrollWidget-Info.plist -producttype com.apple.product-type.app-extension -expandbuildsettings -format binary -platform iphonesimulator -o /tmp/LocalScrollDerived/Build/Products/Debug-iphonesimulator/LocalScrollWidget.appex/Info.plist

ProcessInfoPlistFile /tmp/LocalScrollDerived/Build/Products/Debug-iphonesimulator/LocalScroll.app/Info.plist /Users/ipanda/Documents/Code/iosproject/LocalScroll_Xcode/LocalScroll-Info.plist (in target 'LocalScroll' from project 'LocalScroll')
    cd /Users/ipanda/Documents/Code/iosproject/LocalScroll_Xcode
    builtin-infoPlistUtility /Users/ipanda/Documents/Code/iosproject/LocalScroll_Xcode/LocalScroll-Info.plist -producttype com.apple.product-type.application -genpkginfo /tmp/LocalScrollDerived/Build/Products/Debug-iphonesimulator/LocalScroll.app/PkgInfo -expandbuildsettings -format binary -platform iphonesimulator -additionalcontentfile /tmp/LocalScrollDerived/Build/Intermediates.noindex/LocalScroll.build/Debug-iphonesimulator/LocalScroll.build/assetcatalog_generated_info.plist -scanforprivacyfile /tmp/LocalScrollDerived/Build/Products/Debug-iphonesimulator/LocalScroll.app/PlugIns/LocalScrollWidget.appex -o /tmp/LocalScrollDerived/Build/Products/Debug-iphonesimulator/LocalScroll.app/Info.plist

ProcessInfoPlistFile /tmp/LocalScrollDerived/Build/Products/Debug-iphonesimulator/LocalScroll.app/PlugIns/LocalScrollTests.xctest/Info.plist /tmp/LocalScrollDerived/Build/Intermediates.noindex/LocalScroll.build/Debug-iphonesimulator/LocalScrollTests.build/empty-LocalScrollTests.plist (in target 'LocalScrollTests' from project 'LocalScroll')
    cd /Users/ipanda/Documents/Code/iosproject/LocalScroll_Xcode
    builtin-infoPlistUtility /tmp/LocalScrollDerived/Build/Intermediates.noindex/LocalScroll.build/Debug-iphonesimulator/LocalScrollTests.build/empty-LocalScrollTests.plist -producttype com.apple.product-type.bundle.unit-test -expandbuildsettings -format binary -platform iphonesimulator -o /tmp/LocalScrollDerived/Build/Products/Debug-iphonesimulator/LocalScroll.app/PlugIns/LocalScrollTests.xctest/Info.plist

ProcessInfoPlistFile /tmp/LocalScrollDerived/Build/Products/Debug-iphonesimulator/LocalScrollUITests-Runner.app/PlugIns/LocalScrollUITests.xctest/Info.plist /tmp/LocalScrollDerived/Build/Intermediates.noindex/LocalScroll.build/Debug-iphonesimulator/LocalScrollUITests.build/empty-LocalScrollUITests.plist (in target 'LocalScrollUITests' from project 'LocalScroll')
    cd /Users/ipanda/Documents/Code/iosproject/LocalScroll_Xcode
    builtin-infoPlistUtility /tmp/LocalScrollDerived/Build/Intermediates.noindex/LocalScroll.build/Debug-iphonesimulator/LocalScrollUITests.build/empty-LocalScrollUITests.plist -producttype com.apple.product-type.bundle.ui-testing -expandbuildsettings -format binary -platform iphonesimulator -additionalcontentfile /tmp/LocalScrollDerived/Build/Intermediates.noindex/LocalScroll.build/Debug-iphonesimulator/LocalScrollUITests.build/ProductTypeInfoPlistAdditions.plist -o /tmp/LocalScrollDerived/Build/Products/Debug-iphonesimulator/LocalScrollUITests-Runner.app/PlugIns/LocalScrollUITests.xctest/Info.plist

CopySwiftLibs /tmp/LocalScrollDerived/Build/Products/Debug-iphonesimulator/LocalScrollUITests-Runner.app/PlugIns/LocalScrollUITests.xctest (in target 'LocalScrollUITests' from project 'LocalScroll')
    cd /Users/ipanda/Documents/Code/iosproject/LocalScroll_Xcode
    builtin-swiftStdLibTool --copy --verbose --scan-executable /tmp/LocalScrollDerived/Build/Products/Debug-iphonesimulator/LocalScrollUITests-Runner.app/PlugIns/LocalScrollUITests.xctest/LocalScrollUITests --scan-folder /tmp/LocalScrollDerived/Build/Products/Debug-iphonesimulator/LocalScrollUITests-Runner.app/PlugIns/LocalScrollUITests.xctest/Frameworks --scan-folder /tmp/LocalScrollDerived/Build/Products/Debug-iphonesimulator/LocalScrollUITests-Runner.app/PlugIns/LocalScrollUITests.xctest/PlugIns --scan-folder /tmp/LocalScrollDerived/Build/Products/Debug-iphonesimulator/LocalScrollUITests-Runner.app/PlugIns/LocalScrollUITests.xctest/SystemExtensions --scan-folder /tmp/LocalScrollDerived/Build/Products/Debug-iphonesimulator/LocalScrollUITests-Runner.app/PlugIns/LocalScrollUITests.xctest/Extensions --platform iphonesimulator --toolchain /Applications/Xcode.app/Contents/Developer/Toolchains/XcodeDefault.xctoolchain --destination /tmp/LocalScrollDerived/Build/Products/Debug-iphonesimulator/LocalScrollUITests-Runner.app/PlugIns/LocalScrollUITests.xctest/Frameworks --strip-bitcode --scan-executable /Applications/Xcode.app/Contents/Developer/Platforms/iPhoneSimulator.platform/Developer/usr/lib/libXCTestSwiftSupport.dylib --strip-bitcode-tool /Applications/Xcode.app/Contents/Developer/Toolchains/XcodeDefault.xctoolchain/usr/bin/bitcode_strip --emit-dependency-info /tmp/LocalScrollDerived/Build/Intermediates.noindex/LocalScroll.build/Debug-iphonesimulator/LocalScrollUITests.build/SwiftStdLibToolInputDependencies.dep --filter-for-swift-os
Ignoring --strip-bitcode because --sign was not passed

2026-06-05 16:00:28.112 xcodebuild[29027:795284] [MT] IDELaunchParametersSnapshot: The operation couldn’t be completed. (DebuggerLLDB.DebuggerVersionStore.StoreError error 0.)
2026-06-05 16:00:28.112 xcodebuild[29027:795284] [MT] IDELaunchParametersSnapshot: no debugger version
2026-06-05 16:00:33.932 xcodebuild[29027:795284] [MT] IDELaunchParametersSnapshot: The operation couldn’t be completed. (DebuggerLLDB.DebuggerVersionStore.StoreError error 0.)
2026-06-05 16:00:33.932 xcodebuild[29027:795284] [MT] IDELaunchParametersSnapshot: no debugger version
2026-06-05 16:00:38.564 xcodebuild[29027:795284] [MT] IDELaunchParametersSnapshot: The operation couldn’t be completed. (DebuggerLLDB.DebuggerVersionStore.StoreError error 0.)
2026-06-05 16:00:38.564 xcodebuild[29027:795284] [MT] IDELaunchParametersSnapshot: no debugger version
2026-06-05 16:00:44.087 xcodebuild[29027:795284] [MT] IDELaunchParametersSnapshot: The operation couldn’t be completed. (DebuggerLLDB.DebuggerVersionStore.StoreError error 0.)
2026-06-05 16:00:44.087 xcodebuild[29027:795284] [MT] IDELaunchParametersSnapshot: no debugger version
2026-06-05 16:00:51.304 xcodebuild[29027:795284] [MT] IDELaunchParametersSnapshot: The operation couldn’t be completed. (DebuggerLLDB.DebuggerVersionStore.StoreError error 0.)
2026-06-05 16:00:51.304 xcodebuild[29027:795284] [MT] IDELaunchParametersSnapshot: no debugger version
2026-06-05 16:01:04.405 xcodebuild[29027:795284] [MT] IDELaunchParametersSnapshot: The operation couldn’t be completed. (DebuggerLLDB.DebuggerVersionStore.StoreError error 0.)
2026-06-05 16:01:04.405 xcodebuild[29027:795284] [MT] IDELaunchParametersSnapshot: no debugger version
2026-06-05 16:01:11.271 xcodebuild[29027:795284] [MT] IDELaunchParametersSnapshot: The operation couldn’t be completed. (DebuggerLLDB.DebuggerVersionStore.StoreError error 0.)
2026-06-05 16:01:11.271 xcodebuild[29027:795284] [MT] IDELaunchParametersSnapshot: no debugger version
2026-06-05 16:01:22.317 xcodebuild[29027:795284] [MT] IDELaunchParametersSnapshot: The operation couldn’t be completed. (DebuggerLLDB.DebuggerVersionStore.StoreError error 0.)
2026-06-05 16:01:22.317 xcodebuild[29027:795284] [MT] IDELaunchParametersSnapshot: no debugger version
2026-06-05 16:01:27.430 xcodebuild[29027:795284] [MT] IDELaunchParametersSnapshot: The operation couldn’t be completed. (DebuggerLLDB.DebuggerVersionStore.StoreError error 0.)
2026-06-05 16:01:27.430 xcodebuild[29027:795284] [MT] IDELaunchParametersSnapshot: no debugger version
2026-06-05 16:01:59.499 xcodebuild[29027:795284] [MT] IDELaunchParametersSnapshot: The operation couldn’t be completed. (DebuggerLLDB.DebuggerVersionStore.StoreError error 0.)
2026-06-05 16:01:59.500 xcodebuild[29027:795284] [MT] IDELaunchParametersSnapshot: no debugger version
2026-06-05 16:02:03.184 xcodebuild[29027:795284] [MT] IDELaunchParametersSnapshot: The operation couldn’t be completed. (DebuggerLLDB.DebuggerVersionStore.StoreError error 0.)
2026-06-05 16:02:03.184 xcodebuild[29027:795284] [MT] IDELaunchParametersSnapshot: no debugger version
2026-06-05 16:02:07.591 xcodebuild[29027:795284] [MT] IDELaunchParametersSnapshot: The operation couldn’t be completed. (DebuggerLLDB.DebuggerVersionStore.StoreError error 0.)
2026-06-05 16:02:07.591 xcodebuild[29027:795284] [MT] IDELaunchParametersSnapshot: no debugger version
2026-06-05 16:02:11.606 xcodebuild[29027:795284] [MT] IDELaunchParametersSnapshot: The operation couldn’t be completed. (DebuggerLLDB.DebuggerVersionStore.StoreError error 0.)
2026-06-05 16:02:11.606 xcodebuild[29027:795284] [MT] IDELaunchParametersSnapshot: no debugger version
2026-06-05 16:02:15.561 xcodebuild[29027:795284] [MT] IDELaunchParametersSnapshot: The operation couldn’t be completed. (DebuggerLLDB.DebuggerVersionStore.StoreError error 0.)
2026-06-05 16:02:15.562 xcodebuild[29027:795284] [MT] IDELaunchParametersSnapshot: no debugger version
2026-06-05 16:02:19.553 xcodebuild[29027:795284] [MT] IDELaunchParametersSnapshot: The operation couldn’t be completed. (DebuggerLLDB.DebuggerVersionStore.StoreError error 0.)
2026-06-05 16:02:19.553 xcodebuild[29027:795284] [MT] IDELaunchParametersSnapshot: no debugger version
2026-06-05 16:02:23.545 xcodebuild[29027:795284] [MT] IDELaunchParametersSnapshot: The operation couldn’t be completed. (DebuggerLLDB.DebuggerVersionStore.StoreError error 0.)
2026-06-05 16:02:23.545 xcodebuild[29027:795284] [MT] IDELaunchParametersSnapshot: no debugger version
2026-06-05 16:02:27.368 xcodebuild[29027:795284] [MT] IDETestOperationsObserverDebug: 140.416 elapsed -- Testing started completed.
2026-06-05 16:02:27.368 xcodebuild[29027:795284] [MT] IDETestOperationsObserverDebug: 0.000 sec, +0.000 sec -- start
2026-06-05 16:02:27.368 xcodebuild[29027:795284] [MT] IDETestOperationsObserverDebug: 140.416 sec, +140.416 sec -- end

Test session results, code coverage, and logs:
	/Users/ipanda/Documents/Code/iosproject/LocalScroll_Xcode/docs/acceptance-artifacts/2026-06-05-rerun/xcresults/ui.xcresult

** TEST SUCCEEDED **

Testing started
Test suite 'LocalScrollUITestsLaunchTests' started on 'Clone 1 of iPhone 17 Pro Max - LocalScrollUITests-Runner (29266)'
Test case 'LocalScrollUITestsLaunchTests.testLaunch()' passed on 'Clone 1 of iPhone 17 Pro Max - LocalScrollUITests-Runner (29266)' (3.911 seconds)
Test case 'LocalScrollUITestsLaunchTests.testLaunch()' passed on 'Clone 1 of iPhone 17 Pro Max - LocalScrollUITests-Runner (29266)' (4.937 seconds)
Test case 'LocalScrollUITestsLaunchTests.testLaunch()' passed on 'Clone 1 of iPhone 17 Pro Max - LocalScrollUITests-Runner (29266)' (5.159 seconds)
Test case 'LocalScrollUITestsLaunchTests.testLaunch()' passed on 'Clone 1 of iPhone 17 Pro Max - LocalScrollUITests-Runner (29266)' (8.467 seconds)
Test suite 'LocalScrollUITests' started on 'Clone 2 of iPhone 17 Pro Max - LocalScrollUITests-Runner (29529)'
Test case 'LocalScrollUITests.testAcceptanceF39DarkModePersists()' passed on 'Clone 2 of iPhone 17 Pro Max - LocalScrollUITests-Runner (29529)' (18.991 seconds)
Test case 'LocalScrollUITests.testAcceptanceHistoryAndSettingsTabs()' passed on 'Clone 2 of iPhone 17 Pro Max - LocalScrollUITests-Runner (29529)' (11.047 seconds)
Test case 'LocalScrollUITests.testAcceptanceS01ExtractControlsPresent()' passed on 'Clone 2 of iPhone 17 Pro Max - LocalScrollUITests-Runner (29529)' (5.105 seconds)
Test case 'LocalScrollUITests.testAcceptanceS02toS05ProcessFromPhotos()' skipped on 'Clone 2 of iPhone 17 Pro Max - LocalScrollUITests-Runner (29529)' (32.067 seconds)
Test case 'LocalScrollUITests.testExample()' passed on 'Clone 2 of iPhone 17 Pro Max - LocalScrollUITests-Runner (29529)' (3.691 seconds)
Test case 'LocalScrollUITests.testLaunchPerformance()' passed on 'Clone 2 of iPhone 17 Pro Max - LocalScrollUITests-Runner (29529)' (24.917 seconds)
