Command line invocation:
    /Applications/Xcode.app/Contents/Developer/usr/bin/xcodebuild test -project LocalScroll.xcodeproj -scheme LocalScroll -destination "platform=iOS Simulator,name=iPhone 17 Pro Max,OS=26.5" "-only-testing:LocalScrollTests" CODE_SIGNING_ALLOWED=NO -derivedDataPath /tmp/LocalScrollDerived -resultBundlePath docs/acceptance-artifacts/2026-06-05-rerun/xcresults/unit.xcresult

Build settings from command line:
    CODE_SIGNING_ALLOWED = NO

2026-06-05 15:45:36.328 xcodebuild[24265:720768]  DVTDeviceOperation: Encountered a build number "" that is incompatible with DVTBuildVersion.
2026-06-05 15:45:36.330 xcodebuild[24265:720711] [MT] DVTDeviceOperation: Encountered a build number "" that is incompatible with DVTBuildVersion.
Resolve Package Graph


Resolved source packages:
  LocalScrollCore: /Users/ipanda/Documents/project/localScroll_iOS @ local

2026-06-05 15:45:36.428 xcodebuild[24265:720711] [MT] IDERunDestination: Supported platforms for the buildables in the current scheme is empty.
Writing result bundle at path:
	/Users/ipanda/Documents/Code/iosproject/LocalScroll_Xcode/docs/acceptance-artifacts/2026-06-05-rerun/xcresults/unit.xcresult

ComputePackagePrebuildTargetDependencyGraph

Prepare packages

CreateBuildRequest

SendProjectDescription

CreateBuildOperation

ComputeTargetDependencyGraph
note: Building targets in dependency order
note: Target dependency graph (6 targets)
    Target 'LocalScrollTests' in project 'LocalScroll'
        ➜ Explicit dependency on target 'LocalScroll' in project 'LocalScroll'
    Target 'LocalScrollUITests' in project 'LocalScroll'
        ➜ Explicit dependency on target 'LocalScroll' in project 'LocalScroll'
    Target 'LocalScroll' in project 'LocalScroll'
        ➜ Explicit dependency on target 'LocalScrollWidget' in project 'LocalScroll'
        ➜ Explicit dependency on target 'LocalScrollCore' in project 'LocalScrollCore'
    Target 'LocalScrollCore' in project 'LocalScrollCore'
        ➜ Explicit dependency on target 'LocalScrollCore' in project 'LocalScrollCore'
    Target 'LocalScrollCore' in project 'LocalScrollCore' (no dependencies)
    Target 'LocalScrollWidget' in project 'LocalScroll' (no dependencies)

GatherProvisioningInputs

CreateBuildDescription

ExecuteExternalTool /Applications/Xcode.app/Contents/Developer/Toolchains/XcodeDefault.xctoolchain/usr/bin/swiftc --version

ExecuteExternalTool /Applications/Xcode.app/Contents/Developer/usr/bin/actool --print-asset-tag-combinations --output-format xml1 /Users/ipanda/Documents/Code/iosproject/LocalScroll_Xcode/LocalScroll/Preview Content/Preview Assets.xcassets /Users/ipanda/Documents/Code/iosproject/LocalScroll_Xcode/LocalScroll/Assets.xcassets

ExecuteExternalTool /Applications/Xcode.app/Contents/Developer/Toolchains/XcodeDefault.xctoolchain/usr/bin/clang -v -E -dM -isysroot /Applications/Xcode.app/Contents/Developer/Platforms/iPhoneSimulator.platform/Developer/SDKs/iPhoneSimulator26.5.sdk -x c -c /dev/null

ExecuteExternalTool /Applications/Xcode.app/Contents/Developer/usr/bin/actool --version --output-format xml1

ExecuteExternalTool /Applications/Xcode.app/Contents/Developer/Toolchains/XcodeDefault.xctoolchain/usr/bin/ld -version_details

Build description signature: 2a91a8be0ee5b57126cb7498aef8adcc
Build description path: /tmp/LocalScrollDerived/Build/Intermediates.noindex/XCBuildData/2a91a8be0ee5b57126cb7498aef8adcc.xcbuilddata
ClangStatCache /Applications/Xcode.app/Contents/Developer/Toolchains/XcodeDefault.xctoolchain/usr/bin/clang-stat-cache /Applications/Xcode.app/Contents/Developer/Platforms/iPhoneSimulator.platform/Developer/SDKs/iPhoneSimulator26.5.sdk /tmp/LocalScrollDerived/SDKStatCaches.noindex/iphonesimulator26.5-23F73-6cfe768891a92b912361537c460fe42b.sdkstatcache
    cd /Users/ipanda/Documents/Code/iosproject/LocalScroll_Xcode/LocalScroll.xcodeproj
    /Applications/Xcode.app/Contents/Developer/Toolchains/XcodeDefault.xctoolchain/usr/bin/clang-stat-cache /Applications/Xcode.app/Contents/Developer/Platforms/iPhoneSimulator.platform/Developer/SDKs/iPhoneSimulator26.5.sdk -o /tmp/LocalScrollDerived/SDKStatCaches.noindex/iphonesimulator26.5-23F73-6cfe768891a92b912361537c460fe42b.sdkstatcache

ProcessInfoPlistFile /tmp/LocalScrollDerived/Build/Products/Debug-iphonesimulator/LocalScrollWidget.appex/Info.plist /Users/ipanda/Documents/Code/iosproject/LocalScroll_Xcode/LocalScrollWidget-Info.plist (in target 'LocalScrollWidget' from project 'LocalScroll')
    cd /Users/ipanda/Documents/Code/iosproject/LocalScroll_Xcode
    builtin-infoPlistUtility /Users/ipanda/Documents/Code/iosproject/LocalScroll_Xcode/LocalScrollWidget-Info.plist -producttype com.apple.product-type.app-extension -expandbuildsettings -format binary -platform iphonesimulator -o /tmp/LocalScrollDerived/Build/Products/Debug-iphonesimulator/LocalScrollWidget.appex/Info.plist

Copy /tmp/LocalScrollDerived/Build/Products/Debug-iphonesimulator/LocalScroll.app/PlugIns/LocalScrollWidget.appex /tmp/LocalScrollDerived/Build/Products/Debug-iphonesimulator/LocalScrollWidget.appex (in target 'LocalScroll' from project 'LocalScroll')
    cd /Users/ipanda/Documents/Code/iosproject/LocalScroll_Xcode
    builtin-copy -exclude .DS_Store -exclude CVS -exclude .svn -exclude .git -exclude .hg -exclude Headers -exclude PrivateHeaders -exclude Modules -exclude \*.tbd -resolve-src-symlinks -remove-static-executable /tmp/LocalScrollDerived/Build/Products/Debug-iphonesimulator/LocalScrollWidget.appex /tmp/LocalScrollDerived/Build/Products/Debug-iphonesimulator/LocalScroll.app/PlugIns

ProcessInfoPlistFile /tmp/LocalScrollDerived/Build/Products/Debug-iphonesimulator/LocalScroll.app/Info.plist /Users/ipanda/Documents/Code/iosproject/LocalScroll_Xcode/LocalScroll-Info.plist (in target 'LocalScroll' from project 'LocalScroll')
    cd /Users/ipanda/Documents/Code/iosproject/LocalScroll_Xcode
    builtin-infoPlistUtility /Users/ipanda/Documents/Code/iosproject/LocalScroll_Xcode/LocalScroll-Info.plist -producttype com.apple.product-type.application -genpkginfo /tmp/LocalScrollDerived/Build/Products/Debug-iphonesimulator/LocalScroll.app/PkgInfo -expandbuildsettings -format binary -platform iphonesimulator -additionalcontentfile /tmp/LocalScrollDerived/Build/Intermediates.noindex/LocalScroll.build/Debug-iphonesimulator/LocalScroll.build/assetcatalog_generated_info.plist -scanforprivacyfile /tmp/LocalScrollDerived/Build/Products/Debug-iphonesimulator/LocalScroll.app/PlugIns/LocalScrollWidget.appex -o /tmp/LocalScrollDerived/Build/Products/Debug-iphonesimulator/LocalScroll.app/Info.plist

CopySwiftLibs /tmp/LocalScrollDerived/Build/Products/Debug-iphonesimulator/LocalScroll.app (in target 'LocalScroll' from project 'LocalScroll')
    cd /Users/ipanda/Documents/Code/iosproject/LocalScroll_Xcode
    builtin-swiftStdLibTool --copy --verbose --scan-executable /tmp/LocalScrollDerived/Build/Products/Debug-iphonesimulator/LocalScroll.app/LocalScroll.debug.dylib --scan-folder /tmp/LocalScrollDerived/Build/Products/Debug-iphonesimulator/LocalScroll.app/Frameworks --scan-folder /tmp/LocalScrollDerived/Build/Products/Debug-iphonesimulator/LocalScroll.app/PlugIns --scan-folder /tmp/LocalScrollDerived/Build/Products/Debug-iphonesimulator/LocalScroll.app/SystemExtensions --scan-folder /tmp/LocalScrollDerived/Build/Products/Debug-iphonesimulator/LocalScroll.app/Extensions --platform iphonesimulator --toolchain /Applications/Xcode.app/Contents/Developer/Toolchains/XcodeDefault.xctoolchain --destination /tmp/LocalScrollDerived/Build/Products/Debug-iphonesimulator/LocalScroll.app/Frameworks --strip-bitcode --strip-bitcode-tool /Applications/Xcode.app/Contents/Developer/Toolchains/XcodeDefault.xctoolchain/usr/bin/bitcode_strip --emit-dependency-info /tmp/LocalScrollDerived/Build/Intermediates.noindex/LocalScroll.build/Debug-iphonesimulator/LocalScroll.build/SwiftStdLibToolInputDependencies.dep --filter-for-swift-os
Ignoring --strip-bitcode because --sign was not passed

ProcessInfoPlistFile /tmp/LocalScrollDerived/Build/Products/Debug-iphonesimulator/LocalScroll.app/PlugIns/LocalScrollTests.xctest/Info.plist /tmp/LocalScrollDerived/Build/Intermediates.noindex/LocalScroll.build/Debug-iphonesimulator/LocalScrollTests.build/empty-LocalScrollTests.plist (in target 'LocalScrollTests' from project 'LocalScroll')
    cd /Users/ipanda/Documents/Code/iosproject/LocalScroll_Xcode
    builtin-infoPlistUtility /tmp/LocalScrollDerived/Build/Intermediates.noindex/LocalScroll.build/Debug-iphonesimulator/LocalScrollTests.build/empty-LocalScrollTests.plist -producttype com.apple.product-type.bundle.unit-test -expandbuildsettings -format binary -platform iphonesimulator -o /tmp/LocalScrollDerived/Build/Products/Debug-iphonesimulator/LocalScroll.app/PlugIns/LocalScrollTests.xctest/Info.plist

Validate /tmp/LocalScrollDerived/Build/Products/Debug-iphonesimulator/LocalScroll.app (in target 'LocalScroll' from project 'LocalScroll')
    cd /Users/ipanda/Documents/Code/iosproject/LocalScroll_Xcode
    builtin-validationUtility /tmp/LocalScrollDerived/Build/Products/Debug-iphonesimulator/LocalScroll.app -shallow-bundle -infoplist-subpath Info.plist

ValidateEmbeddedBinary /tmp/LocalScrollDerived/Build/Products/Debug-iphonesimulator/LocalScroll.app/PlugIns/LocalScrollWidget.appex (in target 'LocalScroll' from project 'LocalScroll')
    cd /Users/ipanda/Documents/Code/iosproject/LocalScroll_Xcode
    /Applications/Xcode.app/Contents/Developer/usr/bin/embeddedBinaryValidationUtility /tmp/LocalScrollDerived/Build/Products/Debug-iphonesimulator/LocalScroll.app/PlugIns/LocalScrollWidget.appex -info-plist-path /tmp/LocalScrollDerived/Build/Products/Debug-iphonesimulator/LocalScroll.app/Info.plist

ProcessInfoPlistFile /tmp/LocalScrollDerived/Build/Products/Debug-iphonesimulator/LocalScrollUITests-Runner.app/PlugIns/LocalScrollUITests.xctest/Info.plist /tmp/LocalScrollDerived/Build/Intermediates.noindex/LocalScroll.build/Debug-iphonesimulator/LocalScrollUITests.build/empty-LocalScrollUITests.plist (in target 'LocalScrollUITests' from project 'LocalScroll')
    cd /Users/ipanda/Documents/Code/iosproject/LocalScroll_Xcode
    builtin-infoPlistUtility /tmp/LocalScrollDerived/Build/Intermediates.noindex/LocalScroll.build/Debug-iphonesimulator/LocalScrollUITests.build/empty-LocalScrollUITests.plist -producttype com.apple.product-type.bundle.ui-testing -expandbuildsettings -format binary -platform iphonesimulator -additionalcontentfile /tmp/LocalScrollDerived/Build/Intermediates.noindex/LocalScroll.build/Debug-iphonesimulator/LocalScrollUITests.build/ProductTypeInfoPlistAdditions.plist -o /tmp/LocalScrollDerived/Build/Products/Debug-iphonesimulator/LocalScrollUITests-Runner.app/PlugIns/LocalScrollUITests.xctest/Info.plist

CopySwiftLibs /tmp/LocalScrollDerived/Build/Products/Debug-iphonesimulator/LocalScrollUITests-Runner.app/PlugIns/LocalScrollUITests.xctest (in target 'LocalScrollUITests' from project 'LocalScroll')
    cd /Users/ipanda/Documents/Code/iosproject/LocalScroll_Xcode
    builtin-swiftStdLibTool --copy --verbose --scan-executable /tmp/LocalScrollDerived/Build/Products/Debug-iphonesimulator/LocalScrollUITests-Runner.app/PlugIns/LocalScrollUITests.xctest/LocalScrollUITests --scan-folder /tmp/LocalScrollDerived/Build/Products/Debug-iphonesimulator/LocalScrollUITests-Runner.app/PlugIns/LocalScrollUITests.xctest/Frameworks --scan-folder /tmp/LocalScrollDerived/Build/Products/Debug-iphonesimulator/LocalScrollUITests-Runner.app/PlugIns/LocalScrollUITests.xctest/PlugIns --scan-folder /tmp/LocalScrollDerived/Build/Products/Debug-iphonesimulator/LocalScrollUITests-Runner.app/PlugIns/LocalScrollUITests.xctest/SystemExtensions --scan-folder /tmp/LocalScrollDerived/Build/Products/Debug-iphonesimulator/LocalScrollUITests-Runner.app/PlugIns/LocalScrollUITests.xctest/Extensions --platform iphonesimulator --toolchain /Applications/Xcode.app/Contents/Developer/Toolchains/XcodeDefault.xctoolchain --destination /tmp/LocalScrollDerived/Build/Products/Debug-iphonesimulator/LocalScrollUITests-Runner.app/PlugIns/LocalScrollUITests.xctest/Frameworks --strip-bitcode --scan-executable /Applications/Xcode.app/Contents/Developer/Platforms/iPhoneSimulator.platform/Developer/usr/lib/libXCTestSwiftSupport.dylib --strip-bitcode-tool /Applications/Xcode.app/Contents/Developer/Toolchains/XcodeDefault.xctoolchain/usr/bin/bitcode_strip --emit-dependency-info /tmp/LocalScrollDerived/Build/Intermediates.noindex/LocalScroll.build/Debug-iphonesimulator/LocalScrollUITests.build/SwiftStdLibToolInputDependencies.dep --filter-for-swift-os
Ignoring --strip-bitcode because --sign was not passed

Testing started
Test suite 'TranscriptCleanupTests' started on 'Clone 1 of iPhone 17 Pro Max - LocalScroll (24540)'
Test suite 'Phase7PolishTests' started on 'Clone 1 of iPhone 17 Pro Max - LocalScroll (24540)'
Test suite 'TranscriptSummaryTests' started on 'Clone 1 of iPhone 17 Pro Max - LocalScroll (24540)'
Test suite 'LocalScrollTests' started on 'Clone 1 of iPhone 17 Pro Max - LocalScroll (24540)'
Test suite 'HistoryAndImportTests' started on 'Clone 1 of iPhone 17 Pro Max - LocalScroll (24540)'
Test suite 'AcceptanceLogicTests' started on 'Clone 1 of iPhone 17 Pro Max - LocalScroll (24540)'
Test suite 'AdapterPhaseTests' started on 'Clone 1 of iPhone 17 Pro Max - LocalScroll (24540)'
Test suite 'PipelinePhaseTests' started on 'Clone 1 of iPhone 17 Pro Max - LocalScroll (24540)'
Test suite 'EndToEndComparisonTests' started on 'Clone 1 of iPhone 17 Pro Max - LocalScroll (24540)'
Test case 'LocalScrollTests/example()' passed on 'Clone 1 of iPhone 17 Pro Max - LocalScroll (24540)' (0.005 seconds)
Test case 'TranscriptSummaryTests/summarySourceFallsBackToRawWhenCleanedIsEmpty()' passed on 'Clone 1 of iPhone 17 Pro Max - LocalScroll (24540)' (0.006 seconds)
Test case 'AcceptanceLogicTests/qualityPresetsMatchAcceptanceSamplingContract()' passed on 'Clone 1 of iPhone 17 Pro Max - LocalScroll (24540)' (0.006 seconds)
Test case 'HistoryAndImportTests/legacyHistoryFallsBackToEditableNameWhenOriginalNameIsMissing()' passed on 'Clone 1 of iPhone 17 Pro Max - LocalScroll (24540)' (0.006 seconds)
Test case 'TranscriptCleanupTests/conservativeModelResponseFallsBackWhenOutputIsUnrelated()' passed on 'Clone 1 of iPhone 17 Pro Max - LocalScroll (24540)' (0.006 seconds)
Test case 'TranscriptCleanupTests/repeatedCompleteSentenceCollapseKeepsUniqueContent()' passed on 'Clone 1 of iPhone 17 Pro Max - LocalScroll (24540)' (0.006 seconds)
Test case 'TranscriptSummaryTests/summarySourcePrefersCleanedLines()' passed on 'Clone 1 of iPhone 17 Pro Max - LocalScroll (24540)' (0.006 seconds)
Test case 'TranscriptCleanupTests/cleanupResultRetainsRawTranscript()' passed on 'Clone 1 of iPhone 17 Pro Max - LocalScroll (24540)' (0.006 seconds)
Test case 'AcceptanceLogicTests/appearancePreferencesResolveExpectedColorSchemes()' passed on 'Clone 1 of iPhone 17 Pro Max - LocalScroll (24540)' (0.006 seconds)
Test case 'HistoryAndImportTests/historyRenameKeepsOriginalVideoFileName()' passed on 'Clone 1 of iPhone 17 Pro Max - LocalScroll (24540)' (0.006 seconds)
Test case 'AcceptanceLogicTests/ocrLanguagePreferencesMapToVisionSettings()' passed on 'Clone 1 of iPhone 17 Pro Max - LocalScroll (24540)' (0.006 seconds)
Test case 'TranscriptSummaryTests/historyRecordAppliesSummaryResult()' passed on 'Clone 1 of iPhone 17 Pro Max - LocalScroll (24540)' (0.006 seconds)
Test case 'EndToEndComparisonTests/iosPipelineMatchesPythonFastBaselineOnRealVideo()' passed on 'Clone 1 of iPhone 17 Pro Max - LocalScroll (24540)' (0.005 seconds)
Test case 'TranscriptSummaryTests/mockSummarizerCanGenerateAndApplySummary()' passed on 'Clone 1 of iPhone 17 Pro Max - LocalScroll (24540)' (0.006 seconds)
Test case 'AcceptanceLogicTests/duplicateVideoHistoryRecordsRemainIndependent()' passed on 'Clone 1 of iPhone 17 Pro Max - LocalScroll (24540)' (0.006 seconds)
Test case 'TranscriptSummaryTests/longCJKTranscriptSplitsIntoOrderedChunks()' passed on 'Clone 1 of iPhone 17 Pro Max - LocalScroll (24540)' (0.006 seconds)
Test case 'AdapterPhaseTests/visionBoundingBoxConvertsToTopLeftPixels()' passed on 'Clone 1 of iPhone 17 Pro Max - LocalScroll (24540)' (0.006 seconds)
Test case 'HistoryAndImportTests/processingCheckpointPersistsOriginalFileNameForResume()' passed on 'Clone 1 of iPhone 17 Pro Max - LocalScroll (24540)' (0.007 seconds)
Test case 'TranscriptSummaryTests/longEnglishTranscriptSplitsIntoOrderedChunks()' passed on 'Clone 1 of iPhone 17 Pro Max - LocalScroll (24540)' (0.006 seconds)
Test case 'TranscriptSummaryTests/summaryGenerationModesChooseExpectedAutomaticBehavior()' passed on 'Clone 1 of iPhone 17 Pro Max - LocalScroll (24540)' (0.006 seconds)
Test case 'TranscriptSummaryTest2026-06-05 15:46:15.124 xcodebuild[24265:720711] [MT] IDETestOperationsObserverDebug: 37.460 elapsed -- Testing started completed.
2026-06-05 15:46:15.124 xcodebuild[24265:720711] [MT] IDETestOperationsObserverDebug: 0.000 sec, +0.000 sec -- start
2026-06-05 15:46:15.124 xcodebuild[24265:720711] [MT] IDETestOperationsObserverDebug: 37.460 sec, +37.460 sec -- end

Test session results, code coverage, and logs:
	/Users/ipanda/Documents/Code/iosproject/LocalScroll_Xcode/docs/acceptance-artifacts/2026-06-05-rerun/xcresults/unit.xcresult

Failing tests:
	PipelinePhaseTests.smartPipelineCommitsReverseScrollFrames()

** TEST FAILED **

s/singleOversizedLineStaysInOneChunk()' passed on 'Clone 1 of iPhone 17 Pro Max - LocalScroll (24540)' (0.007 seconds)
Test case 'PipelinePhaseTests/adaptivePipelineSkipsPausedFrames()' passed on 'Clone 1 of iPhone 17 Pro Max - LocalScroll (24540)' (0.006 seconds)
Test case 'TranscriptSummaryTests/shortTranscriptUsesOneChunk()' passed on 'Clone 1 of iPhone 17 Pro Max - LocalScroll (24540)' (0.007 seconds)
Test case 'PipelinePhaseTests/blankVideoPipelineCompletesWithZeroLines()' passed on 'Clone 1 of iPhone 17 Pro Max - LocalScroll (24540)' (0.007 seconds)
Test case 'HistoryAndImportTests/supportedVideoTypesIncludeCommonFilesFormatsWithoutDuplicates()' passed on 'Clone 1 of iPhone 17 Pro Max - LocalScroll (24540)' (0.014 seconds)
Test case 'PipelinePhaseTests/captionModeCollapsesIncrementalLines()' passed on 'Clone 1 of iPhone 17 Pro Max - LocalScroll (24540)' (0.013 seconds)
Test case 'PipelinePhaseTests/scrollPipelineDeduplicatesOverlappingFrames()' passed on 'Clone 1 of iPhone 17 Pro Max - LocalScroll (24540)' (0.014 seconds)
Test case 'PipelinePhaseTests/coverageRefinementBackfillsRiskyIntervals()' passed on 'Clone 1 of iPhone 17 Pro Max - LocalScroll (24540)' (0.014 seconds)
Test case 'PipelinePhaseTests/pipelineResumeUsesCheckpointedSamplesWithoutRedoingOCR()' passed on 'Clone 1 of iPhone 17 Pro Max - LocalScroll (24540)' (0.014 seconds)
Test case 'PipelinePhaseTests/smartPipelineCommitsReverseScrollFrames()' failed on 'Clone 1 of iPhone 17 Pro Max - LocalScroll (24540)' (0.015 seconds)
Test case 'Phase7PolishTests/privacyManifestDeclaresNoCollectionOrTracking()' passed on 'Clone 1 of iPhone 17 Pro Max - LocalScroll (24540)' (0.040 seconds)
Test case 'PipelinePhaseTests/nonAdaptivePipelineRunsOCRWithBoundedConcurrency()' passed on 'Clone 1 of iPhone 17 Pro Max - LocalScroll (24540)' (0.050 seconds)
Test case 'AdapterPhaseTests/coreImagePreprocessorScalesFrameForOCR()' passed on 'Clone 1 of iPhone 17 Pro Max - LocalScroll (24540)' (0.052 seconds)
Test case 'PipelinePhaseTests/pipelineCancellationStopsPromptly()' passed on 'Clone 1 of iPhone 17 Pro Max - LocalScroll (24540)' (0.055 seconds)
Test case 'AdapterPhaseTests/avAssetVideoSourceSamplesTimeRange()' passed on 'Clone 1 of iPhone 17 Pro Max - LocalScroll (24540)' (0.149 seconds)
Test case 'AdapterPhaseTests/avAssetVideoSourceSamplesContiguousFrames()' passed on 'Clone 1 of iPhone 17 Pro Max - LocalScroll (24540)' (0.150 seconds)
Test case 'AdapterPhaseTests/visionOCRReadsGeneratedStillFrame()' passed on 'Clone 1 of iPhone 17 Pro Max - LocalScroll (24540)' (0.790 seconds)
Test case 'PipelinePhaseTests/fourMinuteEquivalentPipelineCompletesWithoutFrameAccumulation()' passed on 'Clone 1 of iPhone 17 Pro Max - LocalScroll (24540)' (5.969 seconds)
